// Jest Snapshot v1, https://goo.gl/fbAQLP

exports[`Storyshots RoomItem list roomitem 1`] = `
<RCTScrollView
  style={
    Object {
      "backgroundColor": "#efeff4",
    }
  }
>
  <View>
    <Text
      style={
        Array [
          Object {
            "fontSize": 20,
            "fontWeight": "300",
            "marginLeft": 10,
            "marginTop": 30,
          },
          Object {
            "backgroundColor": "#ffffff",
            "color": "#0d0e12",
          },
          undefined,
        ]
      }
    >
      Basic
    </Text>
    View
    <Text
      style={
        Array [
          Object {
            "fontSize": 20,
            "fontWeight": "300",
            "marginLeft": 10,
            "marginTop": 30,
          },
          Object {
            "backgroundColor": "#ffffff",
            "color": "#0d0e12",
          },
          undefined,
        ]
      }
    >
      User
    </Text>
    View
    View
    <Text
      style={
        Array [
          Object {
            "fontSize": 20,
            "fontWeight": "300",
            "marginLeft": 10,
            "marginTop": 30,
          },
          Object {
            "backgroundColor": "#ffffff",
            "color": "#0d0e12",
          },
          undefined,
        ]
      }
    >
      Type
    </Text>
    View
    View
    View
    View
    View
    <Text
      style={
        Array [
          Object {
            "fontSize": 20,
            "fontWeight": "300",
            "marginLeft": 10,
            "marginTop": 30,
          },
          Object {
            "backgroundColor": "#ffffff",
            "color": "#0d0e12",
          },
          undefined,
        ]
      }
    >
      Alerts
    </Text>
    View
    View
    View
    View
    View
    View
    View
    View
    View
    <Text
      style={
        Array [
          Object {
            "fontSize": 20,
            "fontWeight": "300",
            "marginLeft": 10,
            "marginTop": 30,
          },
          Object {
            "backgroundColor": "#ffffff",
            "color": "#0d0e12",
          },
          undefined,
        ]
      }
    >
      Last Message
    </Text>
    View
    View
    View
    View
    View
    View
  </View>
</RCTScrollView>
`;
